// Jest Snapshot v1, https://goo.gl/fbAQLP

exports[`should render calculator 1`] = `
<main
  data-testid="calculator-1"
>
  <section>
    <h2>
      Let\`s do some math!
    </h2>
  </section>
  <section
    className="calculator"
  >
    <p
      className="input"
    >
      0
    </p>
    <button
      id="AC"
      onClick={[Function]}
      type="button"
    >
      AC
    </button>
    <button
      id="+/-"
      onClick={[Function]}
      type="button"
    >
      +/-
    </button>
    <button
      id="%"
      onClick={[Function]}
      type="button"
    >
      %
    </button>
    <button
      className="symbol"
      id="รท"
      onClick={[Function]}
      type="button"
    >
      รท
    </button>
    <button
      id="7"
      onClick={[Function]}
      type="button"
    >
      7
    </button>
    <button
      id="8"
      onClick={[Function]}
      type="button"
    >
      8
    </button>
    <button
      id="9"
      onClick={[Function]}
      type="button"
    >
      9
    </button>
    <button
      className="symbol"
      id="x"
      onClick={[Function]}
      type="button"
    >
      x
    </button>
    <button
      id="4"
      onClick={[Function]}
      type="button"
    >
      4
    </button>
    <button
      id="5"
      onClick={[Function]}
      type="button"
    >
      5
    </button>
    <button
      id="6"
      onClick={[Function]}
      type="button"
    >
      6
    </button>
    <button
      className="symbol"
      id="-"
      onClick={[Function]}
      type="button"
    >
      -
    </button>
    <button
      id="1"
      onClick={[Function]}
      type="button"
    >
      1
    </button>
    <button
      id="2"
      onClick={[Function]}
      type="button"
    >
       2 
    </button>
    <button
      id="3"
      onClick={[Function]}
      type="button"
    >
       3 
    </button>
    <button
      className="symbol"
      id="+"
      onClick={[Function]}
      type="button"
    >
      +
    </button>
    <button
      className="zero"
      id="0"
      onClick={[Function]}
      type="button"
    >
      0
    </button>
    <button
      id="."
      onClick={[Function]}
      type="button"
    >
      .
    </button>
    <button
      className="symbol"
      id="="
      onClick={[Function]}
      type="button"
    >
      =
    </button>
  </section>
</main>
`;
